Case #1: 0001
Case #2: 0256
Case #3: 0000
Case #4: 8800