Case #1: 0
Case #2: 1
Case #3: 0
Case #4: 1
Case #5: 355
Case #6: 494
Case #7: 1
Case #8: 479
Case #9: 1
Case #10: 429
Case #11: 0
Case #12: 1
Case #13: 0
Case #14: 1
Case #15: 444
Case #16: 587
Case #17: 1
Case #18: 628
Case #19: 1
Case #20: 523
Case #21: 0
Case #22: 1
Case #23: 0
Case #24: 1
Case #25: 399
Case #26: 443
Case #27: 1
Case #28: 688
Case #29: 1
Case #30: 422
Case #31: 0
Case #32: 1
Case #33: 0
Case #34: 1
Case #35: 560
Case #36: 421
Case #37: 1
Case #38: 399
Case #39: 1
Case #40: 442
Case #41: 0
Case #42: 1
Case #43: 0
Case #44: 1
Case #45: 386
Case #46: 513
Case #47: 1
Case #48: 283
Case #49: 1
Case #50: 777
Case #51: 0
Case #52: 1
Case #53: 0
Case #54: 1
Case #55: 425
Case #56: 499
Case #57: 1
Case #58: 364
Case #59: 1
Case #60: 798
Case #61: 0
Case #62: 1
Case #63: 0
Case #64: 1
Case #65: 370
Case #66: 589
Case #67: 1
Case #68: 430
Case #69: 1
Case #70: 317
Case #71: 0
Case #72: 1
Case #73: 0
Case #74: 1
Case #75: 317
Case #76: 502
Case #77: 1
Case #78: 380
Case #79: 1
Case #80: 634
Case #81: 0
Case #82: 1
Case #83: 0
Case #84: 1
Case #85: 754
Case #86: 529
Case #87: 1
Case #88: 277
Case #89: 1
Case #90: 735
Case #91: 0
Case #92: 1
Case #93: 0
Case #94: 1
Case #95: 499
Case #96: 457
Case #97: 1
Case #98: 456
Case #99: 1
Case #100: 437
Case #101: 0
Case #102: 1
Case #103: 0
Case #104: 1
Case #105: 350
Case #106: 390
Case #107: 1
Case #108: 477
Case #109: 1
Case #110: 463
Case #111: 0
Case #112: 1
Case #113: 0
Case #114: 1
Case #115: 238
Case #116: 359
Case #117: 1
Case #118: 442
Case #119: 1
Case #120: 908
Case #121: 0
Case #122: 1
Case #123: 0
Case #124: 1
Case #125: 449
Case #126: 504
Case #127: 1
Case #128: 432
Case #129: 1
Case #130: 448
Case #131: 0
Case #132: 1
Case #133: 0
Case #134: 1
Case #135: 637
Case #136: 676
Case #137: 1
Case #138: 588
Case #139: 1
Case #140: 487
Case #141: 0
Case #142: 1
Case #143: 0
Case #144: 1
Case #145: 413
Case #146: 480
Case #147: 1
Case #148: 326
Case #149: 1
Case #150: 628
Case #151: 0
Case #152: 1
Case #153: 0
Case #154: 1
Case #155: 599
Case #156: 475
Case #157: 1
Case #158: 813
Case #159: 1
Case #160: 528
Case #161: 0
Case #162: 1
Case #163: 0
Case #164: 1
Case #165: 310
Case #166: 452
Case #167: 1
Case #168: 487
Case #169: 1
Case #170: 585
Case #171: 0
Case #172: 1
Case #173: 0
Case #174: 1
Case #175: 616
Case #176: 362
Case #177: 1
Case #178: 361
Case #179: 1
Case #180: 567
Case #181: 0
Case #182: 1
Case #183: 0
Case #184: 1
Case #185: 415
Case #186: 769
Case #187: 1
Case #188: 483
Case #189: 1
Case #190: 811
Case #191: 0
Case #192: 1
Case #193: 0
Case #194: 1
Case #195: 494
Case #196: 327
Case #197: 1
Case #198: 543
Case #199: 1
Case #200: 662
Case #201: 0
Case #202: 1
Case #203: 0
Case #204: 1
Case #205: 740
Case #206: 217
Case #207: 1
Case #208: 416
Case #209: 1
Case #210: 375
Case #211: 0
Case #212: 1
Case #213: 0
Case #214: 1
Case #215: 316
Case #216: 562
Case #217: 1
Case #218: 533
Case #219: 1
Case #220: 477
Case #221: 0
Case #222: 1
Case #223: 0
Case #224: 1
Case #225: 490
Case #226: 460
Case #227: 1
Case #228: 522
Case #229: 1
Case #230: 666
Case #231: 0
Case #232: 1
Case #233: 0
Case #234: 1
Case #235: 458
Case #236: 508
Case #237: 1
Case #238: 388
Case #239: 1
Case #240: 572
Case #241: 0
Case #242: 1
Case #243: 0
Case #244: 1
Case #245: 383
Case #246: 313
Case #247: 1
Case #248: 462
Case #249: 1
Case #250: 608
Case #251: 0
Case #252: 1
Case #253: 0
Case #254: 1
Case #255: 549
Case #256: 380
Case #257: 1
Case #258: 370
Case #259: 1
Case #260: 520
Case #261: 0
Case #262: 1
Case #263: 0
Case #264: 1
Case #265: 424
Case #266: 532
Case #267: 1
Case #268: 406
Case #269: 1
Case #270: 468
Case #271: 0
Case #272: 1
Case #273: 0
Case #274: 1
Case #275: 558
Case #276: 415
Case #277: 1
Case #278: 353
Case #279: 1
Case #280: 553
Case #281: 0
Case #282: 1
Case #283: 0
Case #284: 1
Case #285: 629
Case #286: 390
Case #287: 1
Case #288: 427
Case #289: 1
Case #290: 940
Case #291: 0
Case #292: 1
Case #293: 0
Case #294: 1
Case #295: 536
Case #296: 521
Case #297: 1
Case #298: 458
Case #299: 1
Case #300: 609
Case #301: 0
Case #302: 1
Case #303: 0
Case #304: 1
Case #305: 470
Case #306: 501
Case #307: 1
Case #308: 561
Case #309: 1
Case #310: 431
Case #311: 0
Case #312: 1
Case #313: 0
Case #314: 1
Case #315: 530
Case #316: 466
Case #317: 1
Case #318: 459
Case #319: 1
Case #320: 433
Case #321: 0
Case #322: 1
Case #323: 0
Case #324: 1
Case #325: 361
Case #326: 634
Case #327: 1
Case #328: 639
Case #329: 1
Case #330: 591
Case #331: 0
Case #332: 1
Case #333: 0
Case #334: 1
Case #335: 519
Case #336: 556
Case #337: 1
Case #338: 557
Case #339: 1
Case #340: 530
Case #341: 0
Case #342: 1
Case #343: 0
Case #344: 1
Case #345: 751
Case #346: 639
Case #347: 1
Case #348: 482
Case #349: 1
Case #350: 420
Case #351: 0
Case #352: 1
Case #353: 0
Case #354: 1
Case #355: 645
Case #356: 343
Case #357: 1
Case #358: 250
Case #359: 1
Case #360: 520
Case #361: 0
Case #362: 1
Case #363: 0
Case #364: 1
Case #365: 356
Case #366: 626
Case #367: 1
Case #368: 451
Case #369: 1
Case #370: 438
Case #371: 0
Case #372: 1
Case #373: 0
Case #374: 1
Case #375: 814
Case #376: 410
Case #377: 1
Case #378: 390
Case #379: 1
Case #380: 552
Case #381: 0
Case #382: 1
Case #383: 0
Case #384: 1
Case #385: 555
Case #386: 594
Case #387: 1
Case #388: 481
Case #389: 1
Case #390: 518
Case #391: 0
Case #392: 1
Case #393: 0
Case #394: 1
Case #395: 319
Case #396: 533
Case #397: 1
Case #398: 290
Case #399: 1
Case #400: 623
Case #401: 0
Case #402: 1
Case #403: 0
Case #404: 1
Case #405: 557
Case #406: 749
Case #407: 1
Case #408: 405
Case #409: 1
Case #410: 763
Case #411: 0
Case #412: 1
Case #413: 0
Case #414: 1
Case #415: 401
Case #416: 504
Case #417: 1
Case #418: 503
Case #419: 1
Case #420: 378
Case #421: 0
Case #422: 1
Case #423: 0
Case #424: 1
Case #425: 306
Case #426: 408
Case #427: 1
Case #428: 370
Case #429: 1
Case #430: 857
Case #431: 0
Case #432: 1
Case #433: 0
Case #434: 1
Case #435: 682
Case #436: 371
Case #437: 1
Case #438: 456
Case #439: 1
Case #440: 472
Case #441: 0
Case #442: 1
Case #443: 0
Case #444: 1
Case #445: 538
Case #446: 635
Case #447: 1
Case #448: 436
Case #449: 1
Case #450: 558
Case #451: 0
Case #452: 1
Case #453: 0
Case #454: 1
Case #455: 492
Case #456: 649
Case #457: 1
Case #458: 360
Case #459: 1
Case #460: 627
Case #461: 0
Case #462: 1
Case #463: 0
Case #464: 1
Case #465: 430
Case #466: 649
Case #467: 1
Case #468: 634
Case #469: 1
Case #470: 544
Case #471: 0
Case #472: 1
Case #473: 0
Case #474: 1
Case #475: 499
Case #476: 502
Case #477: 1
Case #478: 666
Case #479: 1
Case #480: 304
Case #481: 0
Case #482: 1
Case #483: 0
Case #484: 1
Case #485: 571
Case #486: 437
Case #487: 1
Case #488: 669
Case #489: 1
Case #490: 361
Case #491: 0
Case #492: 1
Case #493: 0
Case #494: 1
Case #495: 572
Case #496: 471
Case #497: 1
Case #498: 602
Case #499: 1
Case #500: 465