Case #1: 0
Case #2: 1
Case #3: 0
Case #4: 1
Case #5: 4
Case #6: 6
Case #7: 1
Case #8: 5
Case #9: 1
Case #10: 10