Case #1: 
ac5
386
9c7
e43
9c5
Case #2: 
3
Case #3: 
2ac428632228f4
bf487873333ad4
3bee78fdf5bd42
11113296b4bc43
8c6879e5949ec5
8cf4969e48cfc4
869ce5af42adc4
29eefe79cddec6
9e5133bcce4321
8f6233bc4b4bf4
8539713a494194
a61858f5a6a422
1962a69c79dc73
869713869e6ad5
2b63232bc519e4
959f7b7be4a694
8cc795b59c79e4
acc5acfcc41872
18ec587a6228d5
8c7acef5b732a6
861185b439fd51
ad68ced41afcc4
32b48f48619cc4
19d68f62bc62a4
28cfc597329dd4
9ce7228ff5a422
8e53bfc79edc53
ad61118f43ace7
185862ad495851
28623bdc486222
b6bfd7aee4bfd7
13338d71bc7963
8d518cd618d411
28cce4872a4222
96aefeef5bc7b5
8d51113bcd49d4
8e6ac6132accc4
859d496b5bccc6
8ccc6233afcc41
28ec7bdd5b4ae4
bc5adfc4adc5b4
1a6187a4b6a694
859e4bd41b71a4
aeefefe42132b6
111313b69eff51
8cef6111853b62
8c519c48cc5195
Case #4: 
222a4868e523a48ccc6
9f596878f49738cc6a5
8dec58dc7ac538eefd6
ae7aec6af7287a51941
119518731b78ffc48e4
ae4ae4bd411859e6ad4
1b4196322228ce795a4
adeeedffff78e5be4b4
38713a5311bc587b632
1af4394bc6be4a519d7
a73ad68f613b4962ae5
1119494194194859594
Case #5: 
2228c62ae48622222286a496
b7b62b5138e59739f5a596a5
13333b4af4968738d6b4a596
ad79ff4318638732a5323ae7
b4187b6b4a79cf53bcd79731
1ae613bd61328def7869c594
8739e738fcf586331a522a42
851a53b43afecf5bc5afdde7
862961187331ad4bce5b4a71
8d7a58ce531a5acf49494132
8edd4ae721a7a5a7286ae695
8dec433bd413963b72973186
8efe43338cef4133bde7bec5
851941138c594851941119c4
Case #6: 
2a42228ce4a6a4386a4a43a42a4222a4a48e4222a4222222228e4
9f497b62323132963bc5239633239df4bc43ad53b4bff73339ed4
af48719f53b49d6397ac53873b7b6a72b4239623b413333b5afc6
1328722b497222972bd4238f513195979633a5b5bc6119dfc5941
8f729d7b4a5339633b4239c7223a428ded59fe58d6122aedc48e4
21338efd43297a5333ad7ac7b5972b4a5a4a512ac58f51b62ae72
9697a712ad58fd439f58518dd629f5232b49e4bf4223287953195
8dcd5963bc48fc4329622a428f52b439f5a4b61963397872af4a4
a686a69ddc68f4a532333329e52bf432bcd41328f5befcdd7bed6
396b73acee5ad49cd7bd597a7231bc5bd422a738d633bce413961
18d51b7a5bc58cc6a59e42319f529cc7863b71b4ad73b6b62b432
28eee531afe4228df48d6bd4a5232ae72bd5123ad61111197b4b5
9e511af411963962b4ae5968fcd59519f522879f61a4a4a419494
8f4ac51accedd63b521b4232b4228cce58f529e79c52b4b422222
8d4942218c5aedfde5296bdd7a7386232ad4bc71a6a5bcdcd5bd7
286869728ce71a5adcfcfde4b7bf63bdffccd4123132328e4af61
38fcdc79685185a58ef6b4b413133b5a5be42a6332b5b52b43132
3af4acdcd628687ae51396962187bf49439497b5397af4b7ad695
9594186a4b5af41118c5a7afd487196ac78687bcfef79e59d49c4
28c6acddcdc7962868ee711322296871afcde71a531b49e4a4a62
968d58cc62a723323231b48f797a7a5233ae596961ad68defc7b5
8f42228c7971bffd7bf6be439e51194971194a585a785a41b4194
29cdd72a5a7a5318f5131b41adeec4acf48ecfce41beedc49cce6
3ac68fdfc511a58cf6238d687a7bc618de61ad6b687132ac42851
b529e58d62ae7aec79796858713b63aee53ad613b63afdfe4bc62
18fcf42af531331a5ad49ec494313131b431ad6311113a79cd497
8cd69495963a5b41adc68de48ed6b618d418d61b6aec71bc42285
aee5a6aee51b4be494a52a5ac7871122aceeed63111a78dcc7386
11943b51b623a7386af4bd69418f629dd631961b6223b4aceddc5
86a6394a7195139697b4b6328ce7b5aee794af619f51961adcec4
8f5bf6a5968ecf4387963113ae511a7319e411b6ade48f6b62bc6
a7a71338e5a78f63a787be4b5bc4873968d68e53b6942333b5b63
1119411858518511118511858dc4859418cd494119c4951118511
Case #7: 
28686868e42a68c68ed422a6
bedede587a5132232b62bd71
19418d68f58c797397b59612
28e6a49696223ad5a5948fe5
9c53968fcdd539ecd4868712
8c69c7af4a4a5adcc4adcdc5
acfe6959cdcf69ec62be62a4
18539686a4a712321b51bdf4
86a5a78fdc73adff6be41ad6
8f5a59ed4a59d41397bc4941
8d418c7aef48ce418594a4a4
8e4a68511b4acf4286863232
afc718e62963872bcfcdddd5
1943223b7ad7afdd6bee48e4
a68dd711972139c411194232
19e6adccedd49c4a4a42aff5
285b58c69ee42a43a52b7196
be638ecde71879ef5af79421
119521221bcc7a5be739ce52
aee6969fcd48f52111b48dc5
13338d6948e6b4b422122ac4
8519cedeec7332323329ffe6
a422a585941b7bdd53bc5111
969dd48628c5bde4add62862
8722228f58cc5a5af48fded5
adff5bcd6286ade5bc694b42
1219cf4adfc7b43af41a69c7
8fc4878f41aff41194239c43
8fccc5858c71122222978e61
8f48cc686ad6239fd5adc5b4
85acecfefd49f52b629e4232
2a52385318ced6b595ade797
978ff4858c6b49fcccf41185
858732a6287bc43a68dc4862
8cc51b53bcdfe4959c4a6ad7
8c6a418d58c732a4a4239d41
a6b5222a42859f523233a4a6
39fe7b59c7accfc5bddfdc51
1a5339686b7aefce7a69ce42
8d41387a51111b41959e49c5
8e48dc79628629ee42218e42
29eccefef5233a59c5bccd43
961ae513963b5beeecfc48e5
8d6118c58dddc733941aec52
a6b6a4a48e48c711a4a7bec5
1319fc7a6bece5a6b4311b62
af6218d797b69e5b5a522197
11972a6387118f6bc52bdc41
aecdd7b7a7a4211bcc5b6ae4
11ace51139fc528fcce5b5b6
a63858cc58fe6bcfe418f433
1bf6ace6ae5313879c48d413
8511123b51ad438fe42ae485
2868697bc4bc61a7bed51222
9efc723be4b43211196a43b5
8718fd7318f697228cf7a532
8f4a7231ae5387b5223bde53
ad6139f63b638fd6bd7b6bc5
18d4941111118785941119c4
Case #8: 
a4a428e428622a42b42
9e529ef4bc733b43be5
2329c71218dd7be73b4
9d7223ad48c63319594
8edfff78628dfdc4ae4
8d6111bcfdce7a421b6
ae528612b48595a7a71
118dc72b7228c639594
222869739d5863b4a62
9f58defdcc4adfdc595
23a6219c6a6969ccec4
395bdcecf7be7ae49c6
96ad48d41131959ce41
8f5aec686a5222229c4
a5231878fd43bf5bcc6
94958c787acf59cdc43
22868e7ad72be4a4221
9fed61958f51b49edd4
a518d68ce5223aefec4
186a69eefcd797119c4
8cd59c53bc618fc4ac6
a6aeeee51af429ccd41
19511118c5963acee42
a428ec68cecdd5859c5
969e5a58cfe6a4862a6
8dc58728c53bde4b731
868ecffcee712be5952
29ef619413bc519ccc5
9e5318cce7bc6a4a6a6
87858ccc5312bfe7b71
2186286acf495111112
b62bfe5963a48e4a423
19d53bcc59feedc52b5
8ccc512862311ac4bf4
a68ee4bcdf72a7ac794
19c59618c7bd59585a6
86aecd62a59cc4acc71
29518edffcce4afc494
9eccc5a5b485a59cce6
2386aed4b6223ace433
b58d7328533bff49411
18ec51bccfd73942222
8cd486128f611ac73b5
a68e69efc5b42329dd6
19619c5948fcff5ae63
8e722a4862b419e7111
8597396239fc4879ee4
222b723332bce494194
bf519dddf538d42ae42
1b486868d632ae519e5
2bce7238cdff7322a72
9d4197b6ac7331bf595
8ccccf7b7851bc51ac6
22a685319ce61a4ad63
9d538c58c631adcd431
862328ec6bd6bcec694
233b7ad4bf49d4949c4
3bf5bf4853a48c622a6
953879686bdcced7b71
221a5238dd6a496b512
bfc72978ccfde413ae5
1187b438cef6b4295b6
868f7212a531bcd4851
a7a5958f7a78fcec6a4
3bf48ee7333af6b4bf4
1194851311111194194
Case #9: 
222ac4a428622228e42862a42862862232a42ac4a4a486ac6
b733229e523b7b58723a539632b52b733b52b528d63ac5b41
1bfdf58de53313a49797a523b5bc51b597a7329e49df48722
8512b48cf4338d7a4387323b52b428f48d53978f486beedd5
862bf428f4b522b5a529d7b587b43296868def4322b711862
87b5bc72969c79d6323863b48df43bc5872859ed5b5948ef5
8d5858f5adec5a49f59c7b728cf49f428f5228fec5a62a794
8c6a62b6949e4bcc5222b51328f48787a7873213ac51b79e6
8ed59f538e632b686397322b5af62b4313297b6b72ae51851
a786238fe71b513a59c73bd5211973a5a59c73139531ac4a4
112bf523394b6239e423bdccd42233b49c68f72bcc7adee52
a49594959c61bdf4b6bdd4ac42bff53ac49639ff429585be7
96a62a6ae63a5a721332ac5a4311329d622b5219c722a4113
a73395b539ff63bd6bddfe4be5acd528ffdded48eddddee41
197beed618711118d52859631296a43a5948dcc49c6a41942
ae51196968f68ce68cde429fc58ddeddc4286ace429dc42a5
118ec49418518c596aef69ef4228efc6ac5a538dcf62aedf6
8c69c628e422ac62b51138718d7879413aed4b4a411b59431
8cfce59cd6333addde62befecc5878ecf794a52322a522294
8e58d628e739796ac51b731386229e585bc432b5b5bcfd522
a5aecd7a797a5a5962a5394bc7bde5a4adecdffc7ad4962b5
123948d538dd418cd7b4186b69d69cd49496211adfc4adfd4
8d58e62218cc622ae538e69518e7222a4869fc61ade4949c4
2aec5bf586aefdf7941a5968e43973bdcef4b696969cce6a4
3118e53acf5112118e618e7adef6bdf487b61b418de6a59d6
b6ae5ad5a52a4b428538c5958513969485118d42ac7196a41
1b5b618cd6bfcfe78cdc686228ed41a422a4acc5b49429de4
85871a6ac511a713868632b7bcd622b6b5bc7a62122afe494
28694195228c5187a787b719d629fd59fed4951329731bec4
bcd6868cddee6aed79ef5b62add6b42a5beee42b5add439c4
18cd69ecc61195185a71a7bdde419e594333323b63ac49622
8cce5858e78628cce538511aefee6bcc61319ff79dfec49d5
acefe4223187b4ae5a5accc51331312af6386339487122ac6
18519cdddccdf4112b696ac6a59432971318f59ce4bc5bd41
8e686286ae62386297323b49d6a6b7a7858e7a42329ccd486
8596396b739f5a5bc73b7948ef5311332285bdc79feccccc7
8cc79e71118dcfef4311b68e594bc619f58cfe63879ee6a41
222bc79ce628633b494a7941aced49e4962871138d6139fe4
9f73858c7bded71bc421b6ae58fe48f4219efc6968d4b6194
a53b6a4a718f4b4bcc5a5113ae594adc58e5961adc685b622
12971bc718cf4969e42b42233be68d686872af49c412859d5
8fc5a5858ee7a496329f49f71339e49ed6951b4a4a43ae422
8d485ac6211b52a79d69487185b4b48f6948edcf4b4b5bcd5
8e6285a7bc6bc513a69622948cf6bc43bc4872afe72b4bec4
21338e5958dfcc69738fd78ee633b687be487b531bdf639c4
bcfdc728eeef487a7b6185a5197113a5394851ad4b4119e62
1294879e713be63111bc48d4acfe6196968622b48f6a48513
872ac7853a7311bc487a48c63a51b4a58787bd58c5bde6ac7
afd785ac711b68f42ad58ccf5be41294a58ffc62acf431b41
132b621a5ae53ade59e48ee7879ec7aef687963b7a5afef62
87b5978d61b633ad6af6871387ad43311b6b61313387133b7
85948d48d41111941111858d4194859485119494118d41311
Case #10: 
8c62a62222ac428cce528ce428622222a628c6a48e48f42
acf513b5973a4b4a43296ad49c733b7319d68fdc4b423a7
1a7a4332a59d638f4b5a53ac423b51b58cc78d62296b531
a5332b59dcced587a7296bd487b522bc48ef42bfd49fed4
38ddfd628687a42b5bf4bfc48f7a59fc48532b7948e59c4
1acc5879c729f431859c5b4221338ed4286b739486bc4a4
2322a6b48dfcf438cc6a6b439c73ad4a529533ac4bdcc72
959f59d622b61a528cf53b43229fd423a5229732a5ae495
86858c69dd5bcdc7a418fd4333296a59d63b4b539e73ae6
2328ccf42223a48538623863b5bed58e63396bcfc519511
9df6ac729ffdd42232bd7a5bdc59cc41bdde538dc42a6a4
ac7958d7a5bcc639f51afdef42a4ac48d48de722acd7332
18528c63b6be639ed6219619edf49e6a68ec59ddde41953
8ccdccdf73131b43a53ac5a6b49ce5339efceee429ec4a5
8e4aecc519612be73afdc619fe4af495a7b4319ed6be6b4
29e518cc68729533b59e61ae71a79ee63138fe412131bd4
9ef68e4878fd485318e51a51321b433132b43bced4941a6
85118d6adcf486a5aed487aef7ad61b6b51851adc628631
acccc6bd4af4afd43bec6313311ad411b42accfc497a7b6
18628ffe411239e613385963be49ecc496318efe6a53951
aefd6339c6af785b419e4a73118cfec4ad78e51139efe42
1118f79c6111bc4b4aef613968cc5be41878dce41a53b43
228e7b4ade4ade6b41311a5a5a6ae5bee494a6b6a5a7bc5
9dc71b696b69433be49e496b61b73a539e4239531a533a4
8cc585941118c511948d48519411118d49c59c4185859d4
Case #11: 
8e4868c78ee6
8dc6b4a5a511
a4a532b4b4a4
be7239ded4b4
139dd68fc6b6
a5868f638d51
18cfe59d4ac6
8e6396a6ad41
2195af597a42
b68c7be49dc5
196851bcece4
aedc62b61212
13aeff512bc7
87113becdd43
858c73bc4a61
8ce4333a6332
8cdc51b5b595
228ce6b69cc4
9dce597bec42
862948539ec5
ad78ccc729c4
18dccce5b6a4
2ac4aefe51b4
bfc6131b6af4
1129e787b796
863871853b41
2b78f4221b62
95bcfcdf4195
8e7852ad4862
8518697a4ad5
aec6be5b4322
118d796329f5
accc52bddcd6
1a4869fcce41
adce723a49c4
32a59dd7ace4
1958628df696
8eccf52a5941
a5ac7add4286
9418f5a423a7
28cc72b49f51
9cecdfdccfc4
2ad48fee49c4
b5a4a719cec4
94be53a6afc4
ae59631b5be4
1968518d4194
Case #12: 
ac4a68e4222a4322a686ac422222a48e42a6286a4228e42228ce42862222a486a62
9c61323ad53b4397138d72233bd59e43871b58df6338723338c7a5297333b48f5b7
8632339fc49723a5a58c7b533322232bc5872287397ad59f58e5387879739ecd411
af79ddc7a48dd7329622b52397333bdd428df7a59cd7228d68d632b632b72328ee6
131a422972286397a59d7a796b5b5bcccd487118cc633b48722979597b71bd52311
8fcdefdcd7bc73a5b68cd7129f6963acc48632228ef7b5ac539e586ad5129c6b7a4
878e7b62211ad7b431868723871a597ae4297bf5a713bc78efe728d7228786b59d4
852311b7386129fed42329f523a5acd5949c73b6118df6be7319f68f53a5aff4ac4
2ad586395a729e7bc49fdcdedfd6bece4286b5112862113339e639efe79e53b6be4
b5868dde41bde51b68612223ad4b7969cd6bf62afcf7ac531851b61319ed431b732
18cf68edc63ad621bc58fdf59c6194bc62b51b71b61bd48fe42a51ad62b48585195
8ec79c5aef596b7adeee7af62a5a68f6979687b631a72ac73a5962b6b7b6a4a6ac4
858d4ac73b4a5311a73313119fe7323187af4139d411b787bf48d713313bdc5bdc4
8c6a63853b694b6a71132bc6a7113972851bc69ce4a419611962a5853859628d622
a6b7bd4a53b68711968f5b433b6238fd628f41a6be58ce52ae59dec49c68f52ad73
1971be41a711a5ace52b4387331b72b4332322197968ed4b5b48efe6ac58f69f6bd
acf6394a79c6b41ad4bf63a73385b7b6b79fd5ae7a7af4878dc63113bcc633871b4
94119c419485948dc411111119485111118dc41111119c4948c594859485118d494
Case #13: 
2ac4222222222a62286a48ec48c7
33a4b5b5973b719df4978cfe62a5
9f78f432af7132a4b4a78631bd52
859c78f5119cf538f4332958f4a5
a6223a528ccc729ede5958ced4b6
139df5238c62b58f4128628fce59
23229e79ceddd4ad423a5bef6bc4
9ddf413229e4229e4bd5871119e4
a6afc69f5af4b523ad428d6a4ad4
1b51238721bcd49fd42386bd49c6
a52297a7b69ee48f42b587bee623
18d7af5339619ecdedf487311b71
acc713ad7a722b429418edf48512
1a6bc73a519fd5a522aef49422a5
859d4111868decd4bd5194223bf4
aec62868cfe49ecedceeeef59794
1129dcdee7be6b49487311b4a522
22b6286133119d6a6853a49cdef7
bd79dc78718cc6b59e4b5228c513
1858ccde72868fdc43afcfdece41
a628ec633befedc4211b4187ad62
397a58f7311196ae7a49ec4194b7
1add485118c6ad511b48522a4211
218c68ce4287b42a43a4233bef42
9ee69ecd63a738fd43bcf5b711a5
8519e7acfd59fed623b41239ce52
2a6a5194b6ac53afd5bcefd48dc7
959528e633b4851b4af611a42a41
2a62be79511ae68fc519c632bf42
b739519c422119cd686221bf79c5
31b68e4a439686acfeddfc5396a4
38596bcf6963adf61968de6129d4
1ac639419c79587942be419c58e6
858df4868c7a487ac71be622ac51
868cde4328d7acfd6121197bdce6
8dee4969728ff43adcfe62bdc411
ae7b68723bc5961bc4131bfeecc4
1113969dffce496b6a4b41119ce6
ac6187ae71ad6211b58dc4286211
187a6b531a787b48d6a622bcdfe4
8cf7bf632318f52a4951973a41b4
86111119738ed4bd4a68eff5a494
8feccece51af4232a512333ad4a4
a596a78d685bcf533a4b519dce72
1ae5118c5a63ad6bdd43ace62195
87b42868c59538df4aedd43132a4
a73adcd6a6ac5acfe59ec69cddd4
11118ccf79f4a5a5948d49ec6ac4
222a62213a7232bcc42a421addc4
b5959dfe51973bfc62bd4b494ae6
9ce628738ce5339695b4af6ac511
a61b7a512af4118d6ade51952ae6
1b6133a4b794aecef7af6aee7311
a79efff413a63b613313b531bdc6
31851132871b53b63b4196b41a41
18cccef58d4961111b62a5122322
8622a59ce48c728ec519f68dfdd5
a79fde4af62ad587a42a5bcedec4
1bc58f63139de4ad7a796961ad62
2bc4871b61ae7218f7187a5ad6b5
9d48cd419411958c59c419418594
Case #14: 
86a4a4ac4868722868e48c6
29d6323ae438ff5296b4ac7
9629739532963949cfd4b41
8d7ad522332bf6a4232af42
2a5beedfd5951396bd51b43
3b61396328628fc5b48edc5
b796b4197233a522b6adcc6
1949522a7979dcfd719e421
2222239596b428f69ce5ad6
bddfdf428df6387948fcd61
18c78d63221bfe7a48fe4b6
2287a639dde731bfc619411
9fe513bc6a7194118dc4ac6
8518631233b4a4a6accef61
2286b729d796bc71b4a7394
9dcd59f6ad6b78fcd4319c4
8ce6a43972111afcc4122a4
8e5bfc78fde4a796ac4bfd4
a5a71af638f41b49fc439c6
b4118533b6bc632ad623221
18e6ae533194339f69d73bc
ae5331a5b6ac53871acd7b4
1b6b5af611bc4b4963acd72
851941118cd48d48519c495
Case #15: 
222a4868c6222238c6
b7b52a52a739797a43
31b69f49539e5879e5
b41b4b4223ad487ad6
be6bc529ddfc4afd41
33bf6a522afe439c42
1131bdcdf519e5aee7
8c5af68ed6229c7131
acc719418fd5a49494
948f48c62becdc42a4
2a412a63b51a4acdd6
33863139fcedcd4861
338738dc5ad622aef4
9dc7b428cf4bf73196
868df49ecd4119d485
adccd68d622ac4ac42
1a62a786bd532adec5
859f7bcfd623b58dc4
8cc511a7addd586ac6
8ec6a411b6ac4add41
8d49fccc59fcc586a4
8e485286a496a6add4
8dee49e732ad5952a4
ac7b6239f7beeccdf6
18519d78597312a413
ac62ae58ee7963bc41
38733942311afddcc4
18ff7863be619ec6a6
285138fd533a618f53
bcec587285b5b4ad41
18dc485becd418dcc4
2a4868c53ac4868e42
9d6a5a48df42adcfe7
a69d69c6adc7bc4113
33287ae59c6972a421
19fcd796aef63bded4
8c58c52b53119d69e6
acc62afd6b48e49413
186bd7b43322b42a41
acd5871879797a5bc4
122863a618defdcdc4
8ddcff738ee7b42a42
8ccc733387319effc7
28ce5111a71ae73b41
9ecd6ac61b411133a6
ad4aff412bc6ac5b53
96a7338cf78796a7a5
8511118c518d413194
Case #16: 
2ad
9f4
af4
1b4
ad6
123
af5
396
187
ae7
131
a72
1b5
8d6
8e7
871
296
bc5
9e4
872
8f5
ad4
be4
196
8e5
a72
1b5
8f4
af4
1b4
2b4
9f4
a72
197
a63
1b5
8f6
873
231
bd4
bc6
961
8f6
871
8f4
8d6
2a5
3b4
9d6
8c5
Case #17: 
8cc69623a4a4286228e68622a6222
8e632b5b72323297bc7be5b513bf5
a5959de73b7b59e718531a786b794
bce48631119f42318ec7a518731a6
129ccf5228632bd6858df42adde73
8dcce52338fd5b61ac6232bf62331
8cc6b439dcf4a51218ddd733b7394
86adfcde4af4bcef48ccc731119c4
8d5a528d639ef4118c62a53a42222
8cc5adeed5a594228639fedd433b7
8cccd4112adc4233adfc532869f71
868cce429f62233958fc6bfefc512
29cccdcf41b59fdc42b4111332ac7
32a6a6232232872a69f4a4859fd61
97395b7b73b5a5b512b4be4229412
295ac7973bf6bedec59639e7328e5
bc63a5a595133949c4873219d58f4
18d71a58cc6bde42a4addd42accf6
aec585a4a69d4bc596bc4a43be411
394a6adc59cc69eccddc63af512a4
1861b586ae48f6beccc4bd7b4ad72
8c7212ad59e41b59c6a6b61bcd4b7
acffcf5aeedcc78e49511949ce411
1851858511ace78fccc4a6a429e62
8e6868ece418712bc4ae7bdc585b5
8538fcf69e6872b7ae53112a428d4
229cd411853aff797961223bcd4a4
bde6ac628cd5113294943bd522a52
3a7318fd6868ce538686bf6a5bdc5
11332a7238f6adcfc52b51bfcfec6
8c597339de59f6af4adde41943121
86acf738e7ac5139edc494ac49cd4
af7a53b413968c529e428efec4ac6
111185948585862bcdcdc719eed61
28e686ac62228ddfcc422328518d4
9c53a51adf79622b4a6b5132aee62
22239c6185329ddfc59dc4bd51195
33332232ac7b628de622ac5222a42
9ddddf7b7ad59dcc79ddd6addddc5
8ec68533396a6228fccc497862a42
85adeef518513b7296acc69e7bd43
8c7853b68cc6319fefdc49419dcc7
8e7285118ccff6a5194ae6acc6223
8519ccccc68719decce511bc49f51
868686accdef68cf68fceed4a69e6
8de78fd6ac713ae5323a53ae79411
2a79e78738523138d7396b5196862
b538532338efd63ae59439628fcf5
1218c5951851a5139ee6949f6b6b6
a78e48e4a6acde41a53be62111311
1b6b4a7a7bf6a58e58533b7a4a7a6
859fc7973133b6294223119d61b71
2aef6b63121339dc6bffc6ae78794
b533333b6bc5bc623133a7313af62
94111111118cd4951851111851195
Case #18: 
a422b68e4862862286228e4a4868e622a4a4a428f4a48c68e42a4
96bd5187a43b6333a5b523a522b413b7329e52b4329e4a529cfd4
2396228fd495b59fd496333a53322959f523297233a5adc528f42
33af53ad422a586bc4873b53879f586ad49d78fdd5969c6a52be7
bf596972a539e439e6a7332bc5ad48ff48c6b6b4a487223b4b511
3b487879d63a7296311bd73b4ad42213a4295bd4b4233bf5a5a42
138c78786971b7a596218fd529629787bc586bccd633b718f63a7
858edef4bc72319c633287a6b433232bfc48d78e419d7bce59d51
28c587b618f5b42233978f59f6339dd712a4878d622879496acc4
9ee6871962323239d72bcdc639d78cc723328fecd53a5a68df6a4
8519c72879f59fd4879f4a413acdc62bfffdc712a49fe538c5bd6
286863bede72ad4a638de528512ac7b5111acdeddcc7121a4ad41
9cdcf51385bdfec73bec72b62af78ffeec618efec4a7a7296b4a6
2a4212a5aef413a7971adf5971138713b41ac71bc43979fe7be71
9f69697851be4131a7af69e43863a5a79e6949694a587a5111112
85323a58ce79e4b431331ad438d7b4138718c6bc694879eceece5
8cddf58ee794b41a5a53ad6af4879485a7862b5232285a5859432
2aecf6a73be496a58d611a719e49ec6a51879fe7bf78cfeecc495
9596111133b4a7968cf6a594a5221a5968efe7311312233bce4a6
8cefe48e7194132b48719ec69ed78dc61873333a6969d7196be71
8e711863b486a79f4a78c7a5a7a7aeef4a7313973a5acd6a731b6
859c48d518cd59494194859411111119411949411949c41119411
Case #19: 
2a42a42a4a422a486286a6286a48c6322228622222222a422a4ac42a4ae422a48c628ce4a4
978f7a5b6329fd4a59e513963322a7339796339f5979f58f53296239c532b59ec439e6b4b4
afc5b5a719787a6b62b4ad4bffd53b73872bf723223ad6a523b4bdd422b596adc69c71bef6
112ad4312878d795953adec71b6211332b51319dddf72196b796bcc43332a51ac72a5a5133
8cffee587a58cf62229f4949413b4a53396a52a68e5bdecf73a7328cf59f72a5afdd6bc419
86111bce7328e5bfd7adccc48edf6bedde7bc533af6b6b613119f78e7a639ff419e4bfe422
a78ee7219f5a787969fe6ac48d4197b4a7bfee5b5133111afcce53a597bd633a68f4319e73
13a53bd4afe53af61871b5222228e5385333196bc41942879e4b4bf4a7b4319538f41ae795
8f5859c6311a51394a5aded79fde5a5a4319687bee62afe72b6b63b413b4b48638fe431bc6
adce4ac59e4b6af6a7a5af61af6b4b4bcf6a7a7313197311971331be63b6bec53a7961ad61
9c4949c4858511111118511851118d49411111118dc41948cd4118511111194851949418d4
Case #20: 
a48622222862862a42a42878e48622862ac486862a6
9ce7b53b52b5a5972b523a5238c733233bc48723953
28719e5b69f4b62397239d63b4a597b597a48d73ac5
be5ae721323219d78d7b4873b432add48d7a48dfd62
196119dc7bd5a48f68dd6879d6333a4868ff622b695
86b622a6396a5863186a5a58e5bdddc4b43113b5962
8d53b71b58d7a49728fdc528729eecc496b623be413
8cef532968e5386b58dec43a5be51a628f51bd79c63
86118df6bc5ad6bf4a69629f431861b5adcc58dc495
afe48e73b6a7871b419cf529ed4232b4bccc6ac4862
119685195951adcf4868f69cfec73bd43a42132ac53
8cef6222286212ad487219ec5121bfeeddc78f5bec5
2233397b5a7b49f48c7322bccedc511b6ac78de59c4
bf719cd7a79decf6a497bdf4a722862119496ade6a4
113868ed71a6387196af78587b7beff6222af7a5972
8e587ad63a5978f6af5138ce53b73139dd5111948d5
858695a7318c5a7b538cd62187131a7aece48eee486
228f485118cce51b438eef78cf4187b59432a519cc5
9dcfc68686acf48f61a53318cfe6a5bce43bde622a4
8ec58dcd69f696a518787942a513b61ad69f4119fd4
872accee7a71a59e6878de69d4a53123ad69c622be4
21b52a5395b6b4233a72a7bee632b6973a7aedfd79e
9c78d787ae5394b711197131333971a731311ad4941
2218cf61138de43328ecd618711af431b61acfcecc6
bfece53aefe6961b7858ef6ad6879632332943ade63
319696133111af413acc731387af611b5b5ae796313
948d4185948c518c59c4118d4111948d49411185941
