Case #1: 
a a a a
a a b b
b b b b
b b b b
Case #2: 
a b
a b
Case #3: 
a b
a a
Case #4: 
a a a
b a a
b b b
Case #5: 
a a a b b b b
a a a b b b b
a a a b b b b
a a a a b b b
a a a a a b b
Case #6: 
a a a b
a a a b
a a a a
a a a a
Case #7: 
a a a a a a
a a a a a a
a a a a a a
a a a a a a
a a a a a a
a a a a a a
Case #8: 
a a b b
a b b b
b b b b
b b b b
Case #9: 
a a
a a
Case #10: 
a b b
a a b
a a a
Case #11: 
a a a a a a a
a a a a a a a
a a a a a a a
b b b b b b b
Case #12: 
a a b b b b b
a a b b b b b
a a b b b b b
a a b b b b b
a a b b b b b
a a b b b b b
Case #13: 
a a a a a a a a b b
a a a a a a a a b b
a a a a a a a a b b
a a a a a a a b b b
a a a a a a a b b b
Case #14: 
a a a a
b b b b
b b b b
Case #15: 
a a a a a a a a a b
Case #16: 
a a a b
a a b b
a b b b
b b b b
Case #17: 
a a a b
a a a b
a a a b
a a a b
Case #18: 
a b b
a b b
a b b
Case #19: 
a a a a a
a a a a a
a a a a a
b b b b b
b b b b b
Case #20: 
a a a a
a a a a
a a a a
b b b b
b b b b
b b b b
b b b b
b b b b
Case #21: 
a a a
b b b
b b b
Case #22: 
a a a a
a a a b
a a b b
b b b b
Case #23: 
a b b
a a a
a a a
a a a
Case #24: 
a
Case #25: 
a a a a
a a a a
a a a a
a a a a
a a a a
Case #26: 
a a a
a a a
a b b
Case #27: 
a a a a a b b
a a a a a b b
a a a a b b b
a a a b b b b
a a b b b b b
b b b b b b b
b b b b b b b
Case #28: 
a a a a a a b b b b
a a a a a a b b b b
Case #29: 
a a a a
b a a a
b b a a
b b b a
Case #30: 
a a a
a b b
b b b
Case #31: 
a a a b b b
a a a a a a
a a a a a a
Case #32: 
a a b b
a a b b
a a a b
a a a a
Case #33: 
a b
a a
Case #34: 
a a b a
a a a a
a a a a
a a a a
Case #35: 
a a a a a a a a a a
a a a a a a a a a a
a a a a a a a a a a
a a a a a a a a a a
a a a a a a a a a a
a a a a a a a b b b
a a a a a a b b b b
a a a a a b b b b b
Case #36: 
a a a a a a b
a a a a a a b
a a a a a a b
Case #37: 
a b
a a
Case #38: 
a a a a
a a a a
a a a a
a a a a
a a a b
a a b b
a a b b
a a b b
a a b b
a a b b
Case #39: 
a b b
a b b
a b b
Case #40: 
a a
a b
Case #41: 
a a a a
a b a a
b b b b
b b b b
Case #42: 
a a a b
b b b b
b b b b
b b b b
Case #43: 
a a a
b b b
b b b
Case #44: 
a b b b b b b
a b b b b b b
a b b b b b b
Case #45: 
a a a a
a a a a
a a a a
b b a a
b b b b
Case #46: 
a a a a
a a a b
a a b b
a b b b
Case #47: 
a a a a
a a a a
b a a a
b b a a
Case #48: 
a a a a a a b b
a a a a a a b b
a a a a a a b b
a a a a a a b b
a a a a a b b b
a a a a b b b b
a a a a b b b b
Case #49: 
a a b b
a a a b
a a a a
a a a a
Case #50: 
a a a
a a a
a a a
a a a
a a a
a a a
a a a
Case #51: 
a a a a
a a a a
a a a a
b b b a
Case #52: 
a a a
a a a
a a a
a a a
a a a
Case #53: 
a b
b b
Case #54: 
a a a a
a a a a
a a a a
b b b a
Case #55: 
a a b b b b b b
a a a b b b b b
a a a b b b b b
a a a b b b b b
Case #56: 
a a b b b b b b b b
a b b b b b b b b b
b b b b b b b b b b
b b b b b b b b b b
b b b b b b b b b b
b b b b b b b b b b
b b b b b b b b b b
b b b b b b b b b b
b b b b b b b b b b
b b b b b b b b b b
Case #57: 
a a a b
a a b b
b b b b
b b b b
Case #58: 
a a a a a a a a
a a a a a a a a
a a a a a a a a
a a a a a a a a
Case #59: 
a a a b b b b
a a a b b b b
a a a b b b b
a a a b b b b
a a a b b b b
a a a a b b b
a a a a b b b
a a a a b b b
Case #60: 
a b b
a a a
a a a
Case #61: 
a a
a a
Case #62: 
a a a b
a a b b
a a b b
a a b b
Case #63: 
a b b b
a a b b
a b b b
a a b b
Case #64: 
a a a a b b b
a a a b b b b
a a b b b b b
Case #65: 
a a a
a a a
a a a
a a b
Case #66: 
a a a a a
a a b b a
a b b b a
a b b b a
a a a a a
Case #67: 
a a b
a b b
b b b
Case #68: 
a a
a a
Case #69: 
a a a a b b b
a a a a a a a
a a a a a a a
a a a a a a a
Case #70: 
a a a
b b b
Case #71: 
a a
b a
Case #72: 
a a
a a
Case #73: 
a a b b
a a b b
a a a b
a a a a
a a a a
a a a a
a a a a
Case #74: 
a a a b
a a a b
a a a a
a a a a
Case #75: 
a
a
a
a
a
b
b
b
b
b
Case #76: 
a a a a a a
a a a a a a
a a a a b b
a a a a b b
a a a a b b
a a a a b b
Case #77: 
a a a b b b
a a a b b b
Case #78: 
a a
a a
Case #79: 
a a b
a a b
a b b
Case #80: 
a a a a b b b b b
a a a a b b b b b
a a a a b b b b b
a a a a b b b b b
a a a a b b b b b
a a a a a b b b b
Case #81: 
a a a
a a a
a a a
Case #82: 
a a a b b b b b b b
a a a b b b b b b b
Case #83: 
a a a
b a a
b b a
Case #84: 
a a a b
a a a b
a a a b
a a a a
Case #85: 
a a
a a
Case #86: 
a a a a a a a a a
a a a a a a a a a
a a a a a a a a a
a a a a a a a a a
a a a a a a b b b
a a a a a b b b b
Case #87: 
a a
a a
Case #88: 
a a a a a
a a a a a
a a a a a
Case #89: 
a b
a a
Case #90: 
a a a b
a a a b
a a a b
a a a b
Case #91: 
a a a a a a a a a a
a a a a a a b b b b
b b b b b b b b b b
Case #92: 
a a a a a a a a
a a a a b b b b
a a a b b b b b
a a b b b b b b
b b b b b b b b
b b b b b b b b
b b b b b b b b
Case #93: 
a a b b b b
a a b b b b
a a b b b b
a b b b b b
b b b b b b
b b b b b b
b b b b b b
b b b b b b
b b b b b b
Case #94: 
a a a b
a a b b
a a b b
a b b b
Case #95: 
a a a a a a b b b b
a a a a a b b b b b
a a a a b b b b b b
a a a b b b b b b b
Case #96: 
a a a a a a a
a a a a a a a
a a a a a a a
a a a a a a a
Case #97: 
a a b b b b b b
a a b b b b b b
a a b b b b b b
a a b b b b b b
a a a b b b b b
a a a b b b b b
Case #98: 
a a a b
b b b b
b b b b
b b b b
Case #99: 
a a a b b b b b
a a a b b b b b
a a a b b b b b
a a a b b b b b
a a a b b b b b
a a a b b b b b
a a a b b b b b
a a a b b b b b
a a a b b b b b
Case #100: 
a a a a a a a
a a a a a a a
a a a a a a a
a a a a a a a
b b b b a a a
b b b b b b b
b b b b b b b
b b b b b b b