Case #1: 603
Case #2: 580
Case #3: 649
Case #4: 717
Case #5: 1
Case #6: 0
Case #7: 172
Case #8: 0
Case #9: 47
Case #10: 727
Case #11: 640
Case #12: 610
Case #13: 592
Case #14: 0
Case #15: 652
Case #16: 719
Case #17: 672
Case #18: 570
Case #19: 507
Case #20: 606
Case #21: 679
Case #22: 596
Case #23: 616
Case #24: 653
Case #25: 704
Case #26: 636
Case #27: 801
Case #28: 700
Case #29: 624
Case #30: 558
Case #31: 538
Case #32: 582
Case #33: 668
Case #34: 659
Case #35: 531
Case #36: 27
Case #37: 580
Case #38: 600
Case #39: 568
Case #40: 0
Case #41: 726
Case #42: 764
Case #43: 259
Case #44: 36
Case #45: 536
Case #46: 0
Case #47: 652
Case #48: 592
Case #49: 692
Case #50: 501