Case #1: 251067
Case #2: 283092
Case #3: 590395
Case #4: 39888
Case #5: 3112
Case #6: 260310
Case #7: 251820
Case #8: 231128
Case #9: 0
Case #10: 109358
Case #11: 0
Case #12: 1789399
Case #13: 99
Case #14: 244157
Case #15: 2023578
Case #16: 5640
Case #17: 0
Case #18: 2036
Case #19: 9324
Case #20: 240
Case #21: 0
Case #22: 127
Case #23: 360
Case #24: 242261
Case #25: 254599
Case #26: 241478
Case #27: 2007
Case #28: 42201
Case #29: 5348
Case #30: 257193
Case #31: 278839
Case #32: 29
Case #33: 252612
Case #34: 202309
Case #35: 48
Case #36: 161982
Case #37: 625
Case #38: 37023
Case #39: 0
Case #40: 644
Case #41: 1772
Case #42: 0
Case #43: 13995
Case #44: 251266
Case #45: 251177
Case #46: 4536
Case #47: 264003
Case #48: 289907
Case #49: 0
Case #50: 9668