Case #1: our language is impossible to understand
Case #2: there are twenty six factorial possibilities
Case #3: so it is okay if you want to just give up
Case #4: xoggk d yl wxo vkkvgo ekso uyl wonw sywy
Case #5: xkf yto akj
Case #6: yabba dabba yabba dabba yabba dabba yabba dabba yabba dabba yabba dabba yabba dabba yabba dooooooooo
Case #7: a b c d e f g h i j k l m n o p q r s t u v y w x y z now i know my abcs
Case #8: next time wont you sing with me
Case #9: f of two equals f of one equals one
Case #10: for i between three and n f of i equals f of i minus one plus f of i minus two
Case #11: buff tryndamere and amumu
Case #12: you know you want to
Case #13: whoooooooooooooooooooaaaaaaaaa i know c plus plus
Case #14: thank you but the real googlerese is in another castle
Case #15: greetings cheese popsicle the number you have dialed is currently out of porkchops
Case #16: now that you know googlerese please do not use it to hack into our systems
Case #17: translating text is not goros strength
Case #18: strength is goros strength
Case #19: in a world of direwolves and lions sometimes the rarest creature is a friend
Case #20: let lips do what hands do
Case #21: by the pricking of my thumbs something wicked this way comes
Case #22: oh nooooo goggalor is headed for the orphanage
Case #23: oh my god lets make out
Case #24: it was the best of times it was the blurst of times
Case #25: my name is dug i have just met you and i looove you
Case #26: right i forgot here in the states you call it a sausage in the mouth
Case #27: you better cut the pizza in four pieces because im not hungry enough to eat six
Case #28: each of us has his own special gift and you know this was meant to be true
Case #29: and if you dont underestimate me i wont underestimate you
Case #30: oh yeah alright were gonna shake it up with the party bear tonight