Case #1: 4554669905240
Case #2: 2314676702925
Case #3: 969
Case #4: 1
Case #5: 6943194527776
Case #6: 55553888922222
Case #7: 18554889032160
Case #8: 500550245867
Case #9: 2314538164950
Case #10: 3