Case #1: 35
Case #2: 20
Case #3: 21
Case #4: 0
Case #5: 20000000000000000
Case #6: 21000000000000000
Case #7: 1979333198831465
Case #8: 36358376773805
Case #9: 1014068450483294
Case #10: 753243742411217
Case #11: 98176166327491
Case #12: 3416916489416270
Case #13: 5051666880434898
Case #14: 43543032522063
Case #15: 6843866735500133
Case #16: 7136028130143935
Case #17: 2385299127896702
Case #18: 3714068734746482
Case #19: 2
Case #20: 114590756588543
Case #21: 8541049674346098
Case #22: 878715580889101
Case #23: 856752364251677
Case #24: 4388369502740518
Case #25: 3326728327434088
Case #26: 72534533059566
Case #27: 5449382842819624
Case #28: 730125995559720
Case #29: 0
Case #30: 6435265051097648
Case #31: 288598723050175
Case #32: 0
Case #33: 11936887447799220
Case #34: 62987309904158
Case #35: 30700107956314
Case #36: 4574348333673535
Case #37: 1684197799384836
Case #38: 375640568263611
Case #39: 11583640915717264
Case #40: 8496330457404727
Case #41: 300724034912698
Case #42: 93356281003719
Case #43: 649436507144282
Case #44: 31210194659951
Case #45: 4408344176574951
Case #46: 7799884065570892
Case #47: 0
Case #48: 7302796757729356
Case #49: 2739026327443137
Case #50: 190109397472561
Case #51: 782239836933767
Case #52: 1163008491947638
Case #53: 496146722329843
Case #54: 4884659056981164
Case #55: 4703525167808347
Case #56: 399019577992730
Case #57: 9848334279059965
Case #58: 153671125635992
Case #59: 197433943743353
Case #60: 1450628755318136
Case #61: 425229342612770
Case #62: 0
Case #63: 1846671617994240
Case #64: 246623760074054
Case #65: 72478055306778
Case #66: 9402792501803139
Case #67: 9650156739349886
Case #68: 0
Case #69: 6219354700709205
Case #70: 2946339979140151
Case #71: 77919720187995
Case #72: 8676251622537779
Case #73: 461694034317695
Case #74: 541661325889651
Case #75: 9290753213263751
Case #76: 8079352683758269
Case #77: 772835634609861
Case #78: 53958084864397
Case #79: 1892111773767232
Case #80: 7275808809907352
Case #81: 1726196306745614
Case #82: 3374475920750236
Case #83: 201491546589819
Case #84: 9473109564256738
Case #85: 3162952626287183
Case #86: 1352604280983263
Case #87: 850892111753572
Case #88: 2817589309735406
Case #89: 316358868892978
Case #90: 17473403059179022
Case #91: 1693287773483775
Case #92: 534118947058300
Case #93: 8174940399769235
Case #94: 200781263576571
Case #95: 2309456366360295
Case #96: 3539854368919601
Case #97: 3486520910676917
Case #98: 1158140702416552
Case #99: 12889543640790973
Case #100: 1064348960818067