Case #1: No
Case #2: Yes
Case #3: Yes
Case #4: No
Case #5: No
Case #6: Yes
Case #7: No
Case #8: Yes
Case #9: Yes
Case #10: Yes
Case #11: No
Case #12: Yes
Case #13: Yes
Case #14: No
Case #15: No
Case #16: Yes
Case #17: No
Case #18: Yes
Case #19: Yes
Case #20: Yes
Case #21: Yes
Case #22: Yes
Case #23: Yes
Case #24: Yes
Case #25: Yes
Case #26: Yes
Case #27: Yes
Case #28: Yes
Case #29: Yes
Case #30: Yes
Case #31: Yes
Case #32: Yes
Case #33: Yes
Case #34: Yes
Case #35: No
Case #36: No
Case #37: No
Case #38: Yes
Case #39: Yes
Case #40: Yes
Case #41: Yes
Case #42: Yes
Case #43: No
Case #44: No
Case #45: No
Case #46: Yes
Case #47: No
Case #48: No
Case #49: No
Case #50: No