Case #1: 129
Case #2: 661
Case #3: 9
Case #4: 82
Case #5: 410
Case #6: 75
Case #7: 131
Case #8: 7
Case #9: 250