Case #1: 52305
Case #2: 50720
Case #3: 1224
Case #4: 30
Case #5: 449
Case #6: 3
Case #7: 42
Case #8: 241
Case #9: 17996
Case #10: 1