Case #1: 6
Case #2: 100
Case #3: 4
Case #4: 10
Case #5: 1000
Case #6: 306
Case #7: 102
Case #8: 56
Case #9: 70
Case #10: 1
Case #11: 160
Case #12: 292
Case #13: 35
Case #14: 132
Case #15: 90
Case #16: 112
Case #17: 113
Case #18: 237
Case #19: 194
Case #20: 220