Case #1: 2.000000
Case #2: 2.000000
Case #3: 4.000000
Case #4: 0.000000
Case #5: 2.000000
Case #6: 2.000000
Case #7: 3.000000
Case #8: 3.000000
Case #9: 2.000000
Case #10: 2.000000
Case #11: 4.000000
Case #12: 3.000000
Case #13: 4.000000
Case #14: 4.000000
Case #15: 3.000000
Case #16: 3.000000
Case #17: 4.000000
Case #18: 2.000000
Case #19: 3.000000
Case #20: 4.000000
Case #21: 4.000000
Case #22: 4.000000
Case #23: 3.000000
Case #24: 3.000000
Case #25: 2.000000
Case #26: 4.000000
Case #27: 4.000000
Case #28: 0.000000
Case #29: 10.000000
Case #30: 1000.000000
Case #31: 24.000000
Case #32: 998.000000
Case #33: 4.000000
Case #34: 999.000000
Case #35: 6.000000
Case #36: 998.000000
Case #37: 1000.000000
Case #38: 3.000000
Case #39: 46.000000
Case #40: 17.000000
Case #41: 0.000000
Case #42: 104.000000
Case #43: 0.000000
Case #44: 33.000000
Case #45: 14.000000
Case #46: 2.000000
Case #47: 2.000000
Case #48: 7.000000
Case #49: 13.000000
Case #50: 3.000000
Case #51: 999.000000
Case #52: 12.000000
Case #53: 9.000000
Case #54: 0.000000
Case #55: 25.000000
Case #56: 22.000000
Case #57: 994.000000
Case #58: 19.000000
Case #59: 0.000000
Case #60: 241.000000
Case #61: 999.000000
Case #62: 15.000000
Case #63: 8.000000
Case #64: 952.000000
Case #65: 26.000000
Case #66: 14.000000
Case #67: 998.000000
Case #68: 3.000000
Case #69: 0.000000
Case #70: 6.000000
Case #71: 52.000000
Case #72: 590.000000
Case #73: 0.000000
Case #74: 0.000000
Case #75: 39.000000
Case #76: 999.000000
Case #77: 10.000000
Case #78: 1000.000000
Case #79: 42.000000
Case #80: 14.000000
Case #81: 282.000000
Case #82: 0.000000
Case #83: 18.000000
Case #84: 3.000000
Case #85: 0.000000
Case #86: 10.000000
Case #87: 17.000000
Case #88: 0.000000
Case #89: 1000.000000
Case #90: 13.000000
Case #91: 27.000000
Case #92: 2.000000
Case #93: 998.000000
Case #94: 35.000000
Case #95: 18.000000
Case #96: 3.000000
Case #97: 10.000000
Case #98: 3.000000
Case #99: 31.000000