Case #1: 2.000000
Case #2: 2.000000
Case #3: 4.000000
Case #4: 0.000000
Case #5: 2.000000
Case #6: 2.000000
Case #7: 3.000000
Case #8: 3.000000
Case #9: 2.000000
Case #10: 2.000000
Case #11: 4.000000
Case #12: 3.000000
Case #13: 4.000000
Case #14: 4.000000
Case #15: 3.000000
Case #16: 3.000000
Case #17: 4.000000
Case #18: 2.000000
Case #19: 3.000000
Case #20: 4.000000
Case #21: 4.000000
Case #22: 4.000000
Case #23: 3.000000
Case #24: 3.000000
Case #25: 2.000000
Case #26: 4.000000
Case #27: 4.000000
Case #28: 5.000000
Case #29: 2.000000
Case #30: 0.000000
Case #31: 0.000000
Case #32: 8.000000
Case #33: 9.000000
Case #34: 0.000000
Case #35: 0.000000
Case #36: 8.000000
Case #37: 8.000000
Case #38: 5.000000
Case #39: 9.000000
Case #40: 8.000000
Case #41: 3.000000
Case #42: 2.000000
Case #43: 8.000000
Case #44: 4.000000
Case #45: 4.000000
Case #46: 4.000000
Case #47: 6.000000
Case #48: 0.000000
Case #49: 4.000000
Case #50: 0.000000
Case #51: 4.000000
Case #52: 2.000000
Case #53: 5.000000
Case #54: 10.000000
Case #55: 2.000000
Case #56: 0.000000
Case #57: 3.000000
Case #58: 6.000000
Case #59: 9.000000
Case #60: 2.000000
Case #61: 3.000000
Case #62: 2.000000
Case #63: 5.000000
Case #64: 10.000000
Case #65: 2.000000
Case #66: 4.000000
Case #67: 10.000000
Case #68: 0.000000
Case #69: 7.000000
Case #70: 5.000000
Case #71: 2.000000
Case #72: 10.000000
Case #73: 2.000000
Case #74: 8.000000
Case #75: 8.000000
Case #76: 6.000000
Case #77: 4.000000
Case #78: 0.000000
Case #79: 0.000000
Case #80: 10.000000
Case #81: 2.000000
Case #82: 10.000000
Case #83: 8.000000
Case #84: 2.000000
Case #85: 0.000000
Case #86: 2.000000
Case #87: 5.000000
Case #88: 3.000000
Case #89: 0.000000
Case #90: 10.000000
Case #91: 0.000000
Case #92: 6.000000
Case #93: 6.000000
Case #94: 5.000000
Case #95: 4.000000
Case #96: 2.000000
Case #97: 2.000000
Case #98: 8.000000
Case #99: 3.000000
Case #100: 2.000000