Case #1: [E, A]
Case #2: [R, I, R]
Case #3: [F, D, T]
Case #4: [Z, E, R, A]
Case #5: []
Case #6: []
Case #7: []
Case #8: [G]
Case #9: [A, D, W, F, D, F, D, I, S]
Case #10: [S, Q, B, D, A, Q, Q, S, D]
Case #11: [D, E, E, A, R, G, G, R]
Case #12: [Q, E, A, A, R, Q, T, E, E]
Case #13: []
Case #14: [S, R, S, R, R, P, Q, S, Q]
Case #15: [R, D, A, F, D, Q, I, E, Q]
Case #16: []
Case #17: [S, T, S, E, S, E, E, A, S]
Case #18: [Q]
Case #19: [W, E, R, A, A, E, W, O, Q]
Case #20: [R, S, Q]
Case #21: [C, E, R, Q, D, S, E, D, Q]
Case #22: [F, R, F, K, D]
Case #23: [D, D, N, F, A, F, A]
Case #24: [A, E, F, X]
Case #25: [Q, H, W, E, D, S, E, A, Q]
Case #26: [D, E]
Case #27: [F, F, F, Q, S, S, S, S, K]
Case #28: [A, S, S, F, E, A, X, Q, A]
Case #29: [S, T, E]
Case #30: [Q, A, Z]
Case #31: [Y, F, F, W, F, A, Q, A, S]
Case #32: [A]
Case #33: [G, S, A, D, G, A, F, A]
Case #34: [W, A, S, W, T, S, E, W, D]
Case #35: [F, R, S]
Case #36: [O, F, F, S, F, E, F, D, A]
Case #37: [R, D, F, D, X, X, S, Q]
Case #38: [L, L, A, F, E]
Case #39: [F, A, A, F, W, D, N, D, D]
Case #40: [A]
Case #41: [A, W, A, R, E, N, E, S, S]
Case #42: [M]
Case #43: []
Case #44: [A, R, T, E, Q, W, W]
Case #45: [F, D]
Case #46: [D, A, B, S, D, Q, Q, D, Q]
Case #47: [R, S, E, S, Q, B, E, S, Q]
Case #48: [D, S, R, F, Q, R, J, D, W]
Case #49: [Z, Z, Z, Z, Z]
Case #50: [E, A, Q]
Case #51: [Q]
Case #52: [F, U, F, A, R, S, W, E, Q]
Case #53: []
Case #54: [R, F, I]
Case #55: [A]
Case #56: [A, W, U, F, F, D, E, W, D]
Case #57: [E, Q, R, E, U, W, R, F, R]
Case #58: [M, E, D, E, A, S, D, D, R]
Case #59: []
Case #60: [U]
Case #61: [R, Z, W, R, F, W, R, S, R]
Case #62: [S, S, A, Z, D, Q, S, Q, S]
Case #63: [A, A, A, A, A, A, A, A, A, A]
Case #64: [S, Q, Q, R, A, R, M, R, A]
Case #65: [F]
Case #66: [A, Q, S, M, E, Q, E, W, F]
Case #67: [S, I, W, E, D, D, I, D]
Case #68: [Q, A, F, A, S, M, Q, S, A]
Case #69: [U, S, U, S, W, F, R, A]
Case #70: [R, E, A, U, S, S, R, Q, F]
Case #71: [A, Y, A]
Case #72: [A, E, Q, W, Q, A, Q, N, F]
Case #73: [N, R, S, Q, D, F, R, Q, Q]
Case #74: [L, E, W]
Case #75: [S]
Case #76: [W, E, S, R, E, R, R, E, C]
Case #77: [L, D, Q, F, W, W, S, F, Q]
Case #78: [Z, F, W, Q, W, D, F, Q, R]
Case #79: [D]
Case #80: [Y, D, R, D, R, W, W, F, A]
Case #81: [L]
Case #82: [E, D]
Case #83: [Q, Q, W, E, R, G, D, F, S]
Case #84: [S]
Case #85: [C, F, A, Q, D, D, D, A, S]
Case #86: [R, E, Q, R, Y, A]
Case #87: [W, S, F, A, F, A, A, C, S]
Case #88: [D, E, A, F, D, E, A, R, S]
Case #89: [E, A]
Case #90: [D, M, S, A, W, S, R, S, D]
Case #91: [Q, D, F, N]
Case #92: [R, W, Q, J, W, A, Q, R, E]
Case #93: [D, D, R, E, K, A, R, D, E]
Case #94: [E, R, S, R, E, Z, S, F, F]
Case #95: [W, W, J, R, A, W, F, F, W]
Case #96: [Y, W]
Case #97: [S, Q, Q, M, F, R, F, W, R]
Case #98: [D, R, P, P, S]
Case #99: [D, I, I, D]
Case #100: [D, S]