Case #1: Too Bad
Case #2: 794
Case #3: 274
Case #4: Too Bad
Case #5: 1630
Case #6: 1266
Case #7: Too Bad
Case #8: Too Bad
Case #9: Too Bad
Case #10: Too Bad
Case #11: 1576
Case #12: 874
Case #13: Too Bad
Case #14: Too Bad
Case #15: Too Bad
Case #16: 14
Case #17: Too Bad
Case #18: 697
Case #19: Too Bad
Case #20: Too Bad
Case #21: Too Bad
Case #22: Too Bad
Case #23: Too Bad
Case #24: 317
Case #25: 879
Case #26: 1941
Case #27: 102
Case #28: Too Bad
Case #29: Too Bad
Case #30: Too Bad
Case #31: 214
Case #32: 1457
Case #33: 978
Case #34: Too Bad
Case #35: Too Bad
Case #36: Too Bad
Case #37: Too Bad
Case #38: 311
Case #39: Too Bad
Case #40: 1252
Case #41: 1565
Case #42: 782
Case #43: 826
Case #44: Too Bad
Case #45: Too Bad
Case #46: Too Bad
Case #47: Too Bad
Case #48: 489
Case #49: 682
Case #50: 1296
Case #51: Too Bad
Case #52: Too Bad
Case #53: 351
Case #54: 544
Case #55: 800
Case #56: Too Bad
Case #57: Too Bad
Case #58: 1968
Case #59: 447
Case #60: Too Bad
Case #61: Too Bad
Case #62: 268
Case #63: 525
Case #64: 1900
Case #65: 418
Case #66: 915
Case #67: 1206
Case #68: Too Bad
Case #69: 559
Case #70: Too Bad
Case #71: 836
Case #72: 1101
Case #73: 99
Case #74: 840
Case #75: 1336
Case #76: 1600
Case #77: 703
Case #78: Too Bad
Case #79: 121
Case #80: Too Bad
Case #81: 994
Case #82: Too Bad
Case #83: 817
Case #84: 382
Case #85: 412
Case #86: 273
Case #87: 233
Case #88: Too Bad
Case #89: 1723
Case #90: 1341
Case #91: 1620
Case #92: Too Bad
Case #93: Too Bad
Case #94: 869
Case #95: 1946
Case #96: 1792
Case #97: 335
Case #98: Too Bad
Case #99: 60
Case #100: 318