Case #1: 3
Case #2: 3
Case #3: Too Bad
Case #4: 6
Case #5: Too Bad
Case #6: Too Bad
Case #7: 13
Case #8: Too Bad
Case #9: 8
Case #10: Too Bad
Case #11: 2
Case #12: 11
Case #13: 17
Case #14: Too Bad
Case #15: Too Bad
Case #16: 7
Case #17: 10
Case #18: Too Bad
Case #19: 9
Case #20: Too Bad
Case #21: 16
Case #22: 20
Case #23: Too Bad
Case #24: Too Bad
Case #25: Too Bad
Case #26: Too Bad
Case #27: 7
Case #28: 4
Case #29: 8
Case #30: 7
Case #31: 12
Case #32: Too Bad
Case #33: 9
Case #34: Too Bad
Case #35: 6
Case #36: Too Bad
Case #37: 6
Case #38: Too Bad
Case #39: Too Bad
Case #40: Too Bad
Case #41: 6
Case #42: 7
Case #43: Too Bad
Case #44: 13
Case #45: 7
Case #46: Too Bad
Case #47: 2
Case #48: 16
Case #49: Too Bad
Case #50: 18
Case #51: Too Bad
Case #52: 16
Case #53: 3
Case #54: 20
Case #55: Too Bad
Case #56: 16
Case #57: Too Bad
Case #58: 4
Case #59: 11
Case #60: 5
Case #61: Too Bad
Case #62: Too Bad
Case #63: 2
Case #64: Too Bad
Case #65: 4
Case #66: 13
Case #67: 2
Case #68: 5
Case #69: Too Bad
Case #70: 8
Case #71: Too Bad
Case #72: 1
Case #73: 10
Case #74: 10
Case #75: 16
Case #76: Too Bad
Case #77: Too Bad
Case #78: Too Bad
Case #79: 11
Case #80: 17
Case #81: 4
Case #82: Too Bad
Case #83: 16
Case #84: 18
Case #85: Too Bad
Case #86: 15
Case #87: Too Bad
Case #88: Too Bad
Case #89: Too Bad
Case #90: 7
Case #91: 9
Case #92: 12
Case #93: 9
Case #94: 12
Case #95: Too Bad
Case #96: Too Bad
Case #97: 6
Case #98: Too Bad
Case #99: 7
Case #100: 9