Case #1: 7.000000
Case #2: 20.000000
Case #3: 4.500000
Case #4: 12.000000
Case #5: 6.511914
Case #6: 19.000000
Case #7: 7.000000
Case #8: 4.000010
Case #9: 40.000172
Case #10: 9.000000
Case #11: 102.000000
Case #12: 44.000000
Case #13: 6.000000
Case #14: 2.000004
Case #15: 9.000000
Case #16: 62.000000
Case #17: 4.000005
Case #18: 5.000000
Case #19: 12.000000
Case #20: 12.000000