Case #1: 668.000000
Case #2: 902.306803
Case #3: 3796.017406
Case #4: 151.000000
Case #5: 95884.461125
Case #6: 1022.000000
Case #7: 4.029545
Case #8: 100002.000000
Case #9: 5052.000000
Case #10: 26.093093
Case #11: 99555.885525
Case #12: 100002.000000
Case #13: 19821.330088
Case #14: 625.025346
Case #15: 96552.148806
Case #16: 1339.000000
Case #17: 2050.000000
Case #18: 100002.000000
Case #19: 39983.798724
Case #20: 10154.124112