Case #1: 0004
Case #2: 0000
Case #3: 0128
Case #4: 0000
Case #5: 0002
Case #6: 0048
Case #7: 0768
Case #8: 0002
Case #9: 0000
Case #10: 0000
Case #11: 0002
Case #12: 0027
Case #13: 0001
Case #14: 0001
Case #15: 0000
Case #16: 0000
Case #17: 0000
Case #18: 0012
Case #19: 0000
Case #20: 0000
Case #21: 0008
Case #22: 0001
Case #23: 0216
Case #24: 0243
Case #25: 0004
Case #26: 0001
Case #27: 0002
Case #28: 0004
Case #29: 0000
Case #30: 0000
Case #31: 0000
Case #32: 0096
Case #33: 0000
Case #34: 0002
Case #35: 0000
Case #36: 0024
Case #37: 0016
Case #38: 0004
Case #39: 0004
Case #40: 0000
Case #41: 0001
Case #42: 0288
Case #43: 0180
Case #44: 0000
Case #45: 0016
Case #46: 0048
Case #47: 0000
Case #48: 0000
Case #49: 0001
Case #50: 0002
Case #51: 0020
Case #52: 0001
Case #53: 0002
Case #54: 0002
Case #55: 0000
Case #56: 0001
Case #57: 0000
Case #58: 0002
Case #59: 0000
Case #60: 0016
Case #61: 0021
Case #62: 0002
Case #63: 0001
Case #64: 0001
Case #65: 0000
Case #66: 0000
Case #67: 0001
Case #68: 0003
Case #69: 0001
Case #70: 0096
Case #71: 0128
Case #72: 0002
Case #73: 0256
Case #74: 0135
Case #75: 0003
Case #76: 0016
Case #77: 0010
Case #78: 0000
Case #79: 0032
Case #80: 0004
Case #81: 0000
Case #82: 0002
Case #83: 0000
Case #84: 0000
Case #85: 0000
Case #86: 0000
Case #87: 0001
Case #88: 0001
Case #89: 0192
Case #90: 0060
Case #91: 0024
Case #92: 0002
Case #93: 0032
Case #94: 0048
Case #95: 0000
Case #96: 0002
Case #97: 0004
Case #98: 0048
Case #99: 0002
Case #100: 0001