Case #1: 3
Case #2: 68
Case #3: 25
Case #4: 61
Case #5: 31
Case #6: 72
Case #7: 29
Case #8: 14
Case #9: 76
Case #10: 4
Case #11: 49
Case #12: 21
Case #13: 2
Case #14: 15
Case #15: 19
Case #16: 45
Case #17: 5
Case #18: 52
Case #19: 27
Case #20: 34
Case #21: 14
Case #22: 79
Case #23: 55
Case #24: 5
Case #25: 42
Case #26: 0
Case #27: 23
Case #28: 5
Case #29: 21
Case #30: 27
Case #31: 3
Case #32: 47
Case #33: 9
Case #34: 52
Case #35: 10
Case #36: 3
Case #37: 9
Case #38: 29
Case #39: 3
Case #40: 10
Case #41: 15
Case #42: 16
Case #43: 39
Case #44: 37
Case #45: 65
Case #46: 37
Case #47: 25
Case #48: 32
Case #49: 59
Case #50: 3
Case #51: 37
Case #52: 30
Case #53: 53
Case #54: 41
Case #55: 63
Case #56: 61
Case #57: 52
Case #58: 14
Case #59: 14
Case #60: 4
Case #61: 7
Case #62: 19
Case #63: 13
Case #64: 34
Case #65: 63
Case #66: 4
Case #67: 1
Case #68: 2
Case #69: 3
Case #70: 62
Case #71: 41
Case #72: 19
Case #73: 25
Case #74: 2
Case #75: 35
Case #76: 12
Case #77: 48
Case #78: 13
Case #79: 58
Case #80: 25
Case #81: 87
Case #82: 26
Case #83: 55
Case #84: 35
Case #85: 82
Case #86: 0
Case #87: 38
Case #88: 69
Case #89: 1
Case #90: 50
Case #91: 24
Case #92: 90
Case #93: 59
Case #94: 10
Case #95: 40
Case #96: 36
Case #97: 41
Case #98: 20
Case #99: 0
Case #100: 9